Archive member included to satisfy reference by file (symbol)

/opt/Atollic_TrueSTUDIO_for_STM32_x86_64_9.3.0/ARMTools/bin/../lib/gcc/arm-atollic-eabi/6.3.1/../../../../arm-atollic-eabi/lib/armv7e-m/fpu/fpv5-sp-d16/libc_nano.a(lib_a-errno.o)
                              Src/syscalls.o (__errno)
/opt/Atollic_TrueSTUDIO_for_STM32_x86_64_9.3.0/ARMTools/bin/../lib/gcc/arm-atollic-eabi/6.3.1/../../../../arm-atollic-eabi/lib/armv7e-m/fpu/fpv5-sp-d16/libc_nano.a(lib_a-impure.o)
                              /opt/Atollic_TrueSTUDIO_for_STM32_x86_64_9.3.0/ARMTools/bin/../lib/gcc/arm-atollic-eabi/6.3.1/../../../../arm-atollic-eabi/lib/armv7e-m/fpu/fpv5-sp-d16/libc_nano.a(lib_a-errno.o) (_impure_ptr)
/opt/Atollic_TrueSTUDIO_for_STM32_x86_64_9.3.0/ARMTools/bin/../lib/gcc/arm-atollic-eabi/6.3.1/../../../../arm-atollic-eabi/lib/armv7e-m/fpu/fpv5-sp-d16/libc_nano.a(lib_a-init.o)
                              startup/startup_stm32f746xx.o (__libc_init_array)
/opt/Atollic_TrueSTUDIO_for_STM32_x86_64_9.3.0/ARMTools/bin/../lib/gcc/arm-atollic-eabi/6.3.1/../../../../arm-atollic-eabi/lib/armv7e-m/fpu/fpv5-sp-d16/libc_nano.a(lib_a-memset.o)
                              Src/main.o (memset)
/opt/Atollic_TrueSTUDIO_for_STM32_x86_64_9.3.0/ARMTools/bin/../lib/gcc/arm-atollic-eabi/6.3.1/../../../../arm-atollic-eabi/lib/armv7e-m/fpu/fpv5-sp-d16/libc_nano.a(lib_a-sprintf.o)
                              Src/main.o (sprintf)
/opt/Atollic_TrueSTUDIO_for_STM32_x86_64_9.3.0/ARMTools/bin/../lib/gcc/arm-atollic-eabi/6.3.1/../../../../arm-atollic-eabi/lib/armv7e-m/fpu/fpv5-sp-d16/libc_nano.a(lib_a-strlen.o)
                              Src/main.o (strlen)
/opt/Atollic_TrueSTUDIO_for_STM32_x86_64_9.3.0/ARMTools/bin/../lib/gcc/arm-atollic-eabi/6.3.1/../../../../arm-atollic-eabi/lib/armv7e-m/fpu/fpv5-sp-d16/libc_nano.a(lib_a-nano-svfprintf.o)
                              /opt/Atollic_TrueSTUDIO_for_STM32_x86_64_9.3.0/ARMTools/bin/../lib/gcc/arm-atollic-eabi/6.3.1/../../../../arm-atollic-eabi/lib/armv7e-m/fpu/fpv5-sp-d16/libc_nano.a(lib_a-sprintf.o) (_svfprintf_r)
/opt/Atollic_TrueSTUDIO_for_STM32_x86_64_9.3.0/ARMTools/bin/../lib/gcc/arm-atollic-eabi/6.3.1/../../../../arm-atollic-eabi/lib/armv7e-m/fpu/fpv5-sp-d16/libc_nano.a(lib_a-nano-vfprintf_i.o)
                              /opt/Atollic_TrueSTUDIO_for_STM32_x86_64_9.3.0/ARMTools/bin/../lib/gcc/arm-atollic-eabi/6.3.1/../../../../arm-atollic-eabi/lib/armv7e-m/fpu/fpv5-sp-d16/libc_nano.a(lib_a-nano-svfprintf.o) (_printf_i)
/opt/Atollic_TrueSTUDIO_for_STM32_x86_64_9.3.0/ARMTools/bin/../lib/gcc/arm-atollic-eabi/6.3.1/../../../../arm-atollic-eabi/lib/armv7e-m/fpu/fpv5-sp-d16/libc_nano.a(lib_a-memchr.o)
                              /opt/Atollic_TrueSTUDIO_for_STM32_x86_64_9.3.0/ARMTools/bin/../lib/gcc/arm-atollic-eabi/6.3.1/../../../../arm-atollic-eabi/lib/armv7e-m/fpu/fpv5-sp-d16/libc_nano.a(lib_a-nano-svfprintf.o) (memchr)
/opt/Atollic_TrueSTUDIO_for_STM32_x86_64_9.3.0/ARMTools/bin/../lib/gcc/arm-atollic-eabi/6.3.1/../../../../arm-atollic-eabi/lib/armv7e-m/fpu/fpv5-sp-d16/libc_nano.a(lib_a-memcpy-stub.o)
                              /opt/Atollic_TrueSTUDIO_for_STM32_x86_64_9.3.0/ARMTools/bin/../lib/gcc/arm-atollic-eabi/6.3.1/../../../../arm-atollic-eabi/lib/armv7e-m/fpu/fpv5-sp-d16/libc_nano.a(lib_a-nano-svfprintf.o) (memcpy)
/opt/Atollic_TrueSTUDIO_for_STM32_x86_64_9.3.0/ARMTools/bin/../lib/gcc/arm-atollic-eabi/6.3.1/../../../../arm-atollic-eabi/lib/armv7e-m/fpu/fpv5-sp-d16/libc_nano.a(lib_a-memmove.o)
                              /opt/Atollic_TrueSTUDIO_for_STM32_x86_64_9.3.0/ARMTools/bin/../lib/gcc/arm-atollic-eabi/6.3.1/../../../../arm-atollic-eabi/lib/armv7e-m/fpu/fpv5-sp-d16/libc_nano.a(lib_a-nano-svfprintf.o) (memmove)
/opt/Atollic_TrueSTUDIO_for_STM32_x86_64_9.3.0/ARMTools/bin/../lib/gcc/arm-atollic-eabi/6.3.1/../../../../arm-atollic-eabi/lib/armv7e-m/fpu/fpv5-sp-d16/libc_nano.a(lib_a-nano-freer.o)
                              /opt/Atollic_TrueSTUDIO_for_STM32_x86_64_9.3.0/ARMTools/bin/../lib/gcc/arm-atollic-eabi/6.3.1/../../../../arm-atollic-eabi/lib/armv7e-m/fpu/fpv5-sp-d16/libc_nano.a(lib_a-nano-svfprintf.o) (_free_r)
/opt/Atollic_TrueSTUDIO_for_STM32_x86_64_9.3.0/ARMTools/bin/../lib/gcc/arm-atollic-eabi/6.3.1/../../../../arm-atollic-eabi/lib/armv7e-m/fpu/fpv5-sp-d16/libc_nano.a(lib_a-nano-mallocr.o)
                              /opt/Atollic_TrueSTUDIO_for_STM32_x86_64_9.3.0/ARMTools/bin/../lib/gcc/arm-atollic-eabi/6.3.1/../../../../arm-atollic-eabi/lib/armv7e-m/fpu/fpv5-sp-d16/libc_nano.a(lib_a-nano-svfprintf.o) (_malloc_r)
/opt/Atollic_TrueSTUDIO_for_STM32_x86_64_9.3.0/ARMTools/bin/../lib/gcc/arm-atollic-eabi/6.3.1/../../../../arm-atollic-eabi/lib/armv7e-m/fpu/fpv5-sp-d16/libc_nano.a(lib_a-nano-reallocr.o)
                              /opt/Atollic_TrueSTUDIO_for_STM32_x86_64_9.3.0/ARMTools/bin/../lib/gcc/arm-atollic-eabi/6.3.1/../../../../arm-atollic-eabi/lib/armv7e-m/fpu/fpv5-sp-d16/libc_nano.a(lib_a-nano-svfprintf.o) (_realloc_r)
[...]
Memory Configuration

Name             Origin             Length             Attributes
RAM              0x0000000020000000 0x0000000000050000 xrw
FLASH            0x0000000008000000 0x0000000000100000 xr
*default*        0x0000000000000000 0xffffffffffffffff

Linker script and memory map

LOAD /opt/Atollic_TrueSTUDIO_for_STM32_x86_64_9.3.0/ARMTools/bin/../lib/gcc/arm-atollic-eabi/6.3.1/armv7e-m/fpu/fpv5-sp-d16/crti.o
LOAD /opt/Atollic_TrueSTUDIO_for_STM32_x86_64_9.3.0/ARMTools/bin/../lib/gcc/arm-atollic-eabi/6.3.1/armv7e-m/fpu/fpv5-sp-d16/crtbegin.o
LOAD Drivers/STM32F7xx_HAL_Driver/Src/stm32f7xx_hal.o
LOAD Drivers/STM32F7xx_HAL_Driver/Src/stm32f7xx_hal_cortex.o
LOAD Drivers/STM32F7xx_HAL_Driver/Src/stm32f7xx_hal_dma.o
LOAD Drivers/STM32F7xx_HAL_Driver/Src/stm32f7xx_hal_dma_ex.o
LOAD Drivers/STM32F7xx_HAL_Driver/Src/stm32f7xx_hal_dsi.o
LOAD Drivers/STM32F7xx_HAL_Driver/Src/stm32f7xx_hal_exti.o
LOAD Drivers/STM32F7xx_HAL_Driver/Src/stm32f7xx_hal_flash.o
LOAD Drivers/STM32F7xx_HAL_Driver/Src/stm32f7xx_hal_flash_ex.o
LOAD Drivers/STM32F7xx_HAL_Driver/Src/stm32f7xx_hal_gpio.o
LOAD Drivers/STM32F7xx_HAL_Driver/Src/stm32f7xx_hal_i2c.o
LOAD Drivers/STM32F7xx_HAL_Driver/Src/stm32f7xx_hal_i2c_ex.o
LOAD Drivers/STM32F7xx_HAL_Driver/Src/stm32f7xx_hal_ltdc.o
LOAD Drivers/STM32F7xx_HAL_Driver/Src/stm32f7xx_hal_ltdc_ex.o
LOAD Drivers/STM32F7xx_HAL_Driver/Src/stm32f7xx_hal_pwr.o
LOAD Drivers/STM32F7xx_HAL_Driver/Src/stm32f7xx_hal_pwr_ex.o
LOAD Drivers/STM32F7xx_HAL_Driver/Src/stm32f7xx_hal_rcc.o
LOAD Drivers/STM32F7xx_HAL_Driver/Src/stm32f7xx_hal_rcc_ex.o
LOAD Drivers/STM32F7xx_HAL_Driver/Src/stm32f7xx_hal_sdram.o
LOAD Drivers/STM32F7xx_HAL_Driver/Src/stm32f7xx_hal_tim.o
LOAD Drivers/STM32F7xx_HAL_Driver/Src/stm32f7xx_hal_tim_ex.o
LOAD Drivers/STM32F7xx_HAL_Driver/Src/stm32f7xx_hal_uart.o
LOAD Drivers/STM32F7xx_HAL_Driver/Src/stm32f7xx_hal_uart_ex.o
LOAD Drivers/STM32F7xx_HAL_Driver/Src/stm32f7xx_ll_fmc.o
LOAD Src/MT48LC4M32B2.o
LOAD Src/main.o
LOAD Src/stm32f7xx_hal_msp.o
LOAD Src/stm32f7xx_it.o
LOAD Src/syscalls.o
LOAD Src/system_stm32f7xx.o
LOAD startup/startup_stm32f746xx.o
                0x0000000000000080                malloc_getpagesize_P = 0x80
START GROUP
LOAD /opt/Atollic_TrueSTUDIO_for_STM32_x86_64_9.3.0/ARMTools/bin/../lib/gcc/arm-atollic-eabi/6.3.1/../../../../arm-atollic-eabi/lib/armv7e-m/fpu/fpv5-sp-d16/libc_nano.a
LOAD /opt/Atollic_TrueSTUDIO_for_STM32_x86_64_9.3.0/ARMTools/bin/../lib/gcc/arm-atollic-eabi/6.3.1/../../../../arm-atollic-eabi/lib/armv7e-m/fpu/fpv5-sp-d16/libm.a
END GROUP
START GROUP
LOAD /opt/Atollic_TrueSTUDIO_for_STM32_x86_64_9.3.0/ARMTools/bin/../lib/gcc/arm-atollic-eabi/6.3.1/armv7e-m/fpu/fpv5-sp-d16/libgcc.a
LOAD /opt/Atollic_TrueSTUDIO_for_STM32_x86_64_9.3.0/ARMTools/bin/../lib/gcc/arm-atollic-eabi/6.3.1/../../../../arm-atollic-eabi/lib/armv7e-m/fpu/fpv5-sp-d16/libc_nano.a
END GROUP
START GROUP
LOAD /opt/Atollic_TrueSTUDIO_for_STM32_x86_64_9.3.0/ARMTools/bin/../lib/gcc/arm-atollic-eabi/6.3.1/armv7e-m/fpu/fpv5-sp-d16/libgcc.a
LOAD /opt/Atollic_TrueSTUDIO_for_STM32_x86_64_9.3.0/ARMTools/bin/../lib/gcc/arm-atollic-eabi/6.3.1/../../../../arm-atollic-eabi/lib/armv7e-m/fpu/fpv5-sp-d16/libc_nano.a
LOAD /opt/Atollic_TrueSTUDIO_for_STM32_x86_64_9.3.0/ARMTools/bin/../lib/gcc/arm-atollic-eabi/6.3.1/../../../../arm-atollic-eabi/lib/armv7e-m/fpu/fpv5-sp-d16/libnosys.a
END GROUP
START GROUP
LOAD /opt/Atollic_TrueSTUDIO_for_STM32_x86_64_9.3.0/ARMTools/bin/../lib/gcc/arm-atollic-eabi/6.3.1/armv7e-m/fpu/fpv5-sp-d16/libgcc.a
LOAD /opt/Atollic_TrueSTUDIO_for_STM32_x86_64_9.3.0/ARMTools/bin/../lib/gcc/arm-atollic-eabi/6.3.1/../../../../arm-atollic-eabi/lib/armv7e-m/fpu/fpv5-sp-d16/libc_nano.a
LOAD /opt/Atollic_TrueSTUDIO_for_STM32_x86_64_9.3.0/ARMTools/bin/../lib/gcc/arm-atollic-eabi/6.3.1/../../../../arm-atollic-eabi/lib/armv7e-m/fpu/fpv5-sp-d16/libnosys.a
END GROUP
LOAD /opt/Atollic_TrueSTUDIO_for_STM32_x86_64_9.3.0/ARMTools/bin/../lib/gcc/arm-atollic-eabi/6.3.1/armv7e-m/fpu/fpv5-sp-d16/crtend.o
LOAD /opt/Atollic_TrueSTUDIO_for_STM32_x86_64_9.3.0/ARMTools/bin/../lib/gcc/arm-atollic-eabi/6.3.1/armv7e-m/fpu/fpv5-sp-d16/crtn.o
                0x0000000020050000                _estack = 0x20050000
                0x0000000000002000                _Min_Heap_Size = 0x2000
                0x0000000000004000                _Min_Stack_Size = 0x4000

.isr_vector     0x0000000008000000      0x1c8
                0x0000000008000000                . = ALIGN (0x4)
 *(.isr_vector)
 .isr_vector    0x0000000008000000      0x1c8 startup/startup_stm32f746xx.o
                0x0000000008000000                g_pfnVectors
                0x00000000080001c8                . = ALIGN (0x4)

.text           0x00000000080001d0     0x2d1c
                0x00000000080001d0                . = ALIGN (0x4)
 *(.text)
 .text          0x00000000080001d0       0x40 /opt/Atollic_TrueSTUDIO_for_STM32_x86_64_9.3.0/ARMTools/bin/../lib/gcc/arm-atollic-eabi/6.3.1/armv7e-m/fpu/fpv5-sp-d16/crtbegin.o
 .text          0x0000000008000210       0x10 /opt/Atollic_TrueSTUDIO_for_STM32_x86_64_9.3.0/ARMTools/bin/../lib/gcc/arm-atollic-eabi/6.3.1/../../../../arm-atollic-eabi/lib/armv7e-m/fpu/fpv5-sp-d16/libc_nano.a(lib_a-strlen.o)
                0x0000000008000210                strlen
 .text          0x0000000008000220       0xa0 /opt/Atollic_TrueSTUDIO_for_STM32_x86_64_9.3.0/ARMTools/bin/../lib/gcc/arm-atollic-eabi/6.3.1/../../../../arm-atollic-eabi/lib/armv7e-m/fpu/fpv5-sp-d16/libc_nano.a(lib_a-memchr.o)
                0x0000000008000220                memchr
 .text          0x00000000080002c0       0x30 /opt/Atollic_TrueSTUDIO_for_STM32_x86_64_9.3.0/ARMTools/bin/../lib/gcc/arm-atollic-eabi/6.3.1/armv7e-m/fpu/fpv5-sp-d16/libgcc.a(_aeabi_uldivmod.o)
                0x00000000080002c0                __aeabi_uldivmod
 .text          0x00000000080002f0      0x2dc /opt/Atollic_TrueSTUDIO_for_STM32_x86_64_9.3.0/ARMTools/bin/../lib/gcc/arm-atollic-eabi/6.3.1/armv7e-m/fpu/fpv5-sp-d16/libgcc.a(_udivmoddi4.o)
                0x00000000080002f0                __udivmoddi4
 .text          0x00000000080005cc        0x4 /opt/Atollic_TrueSTUDIO_for_STM32_x86_64_9.3.0/ARMTools/bin/../lib/gcc/arm-atollic-eabi/6.3.1/armv7e-m/fpu/fpv5-sp-d16/libgcc.a(_dvmd_tls.o)
                0x00000000080005cc                __aeabi_ldiv0
                0x00000000080005cc                __aeabi_idiv0
 *(.text*)
 .text.HAL_InitTick
                0x00000000080005d0       0x48 Drivers/STM32F7xx_HAL_Driver/Src/stm32f7xx_hal.o
                0x00000000080005d0                HAL_InitTick
 .text.HAL_Init
                0x0000000008000618       0x16 Drivers/STM32F7xx_HAL_Driver/Src/stm32f7xx_hal.o
                0x0000000008000618                HAL_Init
 *fill*         0x000000000800062e        0x2 
 .text.HAL_IncTick
                0x0000000008000630       0x18 Drivers/STM32F7xx_HAL_Driver/Src/stm32f7xx_hal.o
                0x0000000008000630                HAL_IncTick
 .text.HAL_GetTick
                0x0000000008000648        0xc Drivers/STM32F7xx_HAL_Driver/Src/stm32f7xx_hal.o
                0x0000000008000648                HAL_GetTick
 .text.HAL_Delay
                0x0000000008000654       0x24 Drivers/STM32F7xx_HAL_Driver/Src/stm32f7xx_hal.o
                0x0000000008000654                HAL_Delay
 .text.HAL_NVIC_SetPriorityGrouping
                0x0000000008000678       0x24 Drivers/STM32F7xx_HAL_Driver/Src/stm32f7xx_hal_cortex.o
                0x0000000008000678                HAL_NVIC_SetPriorityGrouping
 .text.HAL_NVIC_SetPriority
                0x000000000800069c       0x70 Drivers/STM32F7xx_HAL_Driver/Src/stm32f7xx_hal_cortex.o
                0x000000000800069c                HAL_NVIC_SetPriority
 .text.HAL_SYSTICK_Config
                0x000000000800070c       0x2c Drivers/STM32F7xx_HAL_Driver/Src/stm32f7xx_hal_cortex.o
                0x000000000800070c                HAL_SYSTICK_Config
 .text.HAL_MPU_Disable
                0x0000000008000738       0x20 Drivers/STM32F7xx_HAL_Driver/Src/stm32f7xx_hal_cortex.o
                0x0000000008000738                HAL_MPU_Disable
 .text.HAL_MPU_Enable
                0x0000000008000758       0x24 Drivers/STM32F7xx_HAL_Driver/Src/stm32f7xx_hal_cortex.o
                0x0000000008000758                HAL_MPU_Enable
 .text.HAL_MPU_ConfigRegion
                0x000000000800077c       0x50 Drivers/STM32F7xx_HAL_Driver/Src/stm32f7xx_hal_cortex.o
                0x000000000800077c                HAL_MPU_ConfigRegion
 .text.HAL_GPIO_Init
                0x00000000080007cc      0x1d4 Drivers/STM32F7xx_HAL_Driver/Src/stm32f7xx_hal_gpio.o
                0x00000000080007cc                HAL_GPIO_Init
 .text.HAL_GPIO_WritePin
                0x00000000080009a0        0xa Drivers/STM32F7xx_HAL_Driver/Src/stm32f7xx_hal_gpio.o
                0x00000000080009a0                HAL_GPIO_WritePin
 .text.LTDC_SetConfig
                0x00000000080009aa      0x10c Drivers/STM32F7xx_HAL_Driver/Src/stm32f7xx_hal_ltdc.o
 *fill*         0x0000000008000ab6        0x2 
 .text.HAL_LTDC_Init
                0x0000000008000ab8       0xd8 Drivers/STM32F7xx_HAL_Driver/Src/stm32f7xx_hal_ltdc.o
                0x0000000008000ab8                HAL_LTDC_Init
 .text.HAL_LTDC_ConfigLayer
                0x0000000008000b90       0x52 Drivers/STM32F7xx_HAL_Driver/Src/stm32f7xx_hal_ltdc.o
                0x0000000008000b90                HAL_LTDC_ConfigLayer
 *fill*         0x0000000008000be2        0x2 
 .text.HAL_PWREx_EnableOverDrive
                0x0000000008000be4       0x70 Drivers/STM32F7xx_HAL_Driver/Src/stm32f7xx_hal_pwr_ex.o
                0x0000000008000be4                HAL_PWREx_EnableOverDrive
 .text.HAL_RCC_OscConfig
                0x0000000008000c54      0x378 Drivers/STM32F7xx_HAL_Driver/Src/stm32f7xx_hal_rcc.o
                0x0000000008000c54                HAL_RCC_OscConfig
 .text.HAL_RCC_GetSysClockFreq
                0x0000000008000fcc       0x5c Drivers/STM32F7xx_HAL_Driver/Src/stm32f7xx_hal_rcc.o
                0x0000000008000fcc                HAL_RCC_GetSysClockFreq
 .text.HAL_RCC_ClockConfig
                0x0000000008001028      0x140 Drivers/STM32F7xx_HAL_Driver/Src/stm32f7xx_hal_rcc.o
                0x0000000008001028                HAL_RCC_ClockConfig
 .text.HAL_RCC_GetPCLK1Freq
                0x0000000008001168       0x20 Drivers/STM32F7xx_HAL_Driver/Src/stm32f7xx_hal_rcc.o
                0x0000000008001168                HAL_RCC_GetPCLK1Freq
 .text.HAL_RCC_GetPCLK2Freq
                0x0000000008001188       0x20 Drivers/STM32F7xx_HAL_Driver/Src/stm32f7xx_hal_rcc.o
                0x0000000008001188                HAL_RCC_GetPCLK2Freq
 .text.HAL_RCCEx_PeriphCLKConfig
                0x00000000080011a8      0x514 Drivers/STM32F7xx_HAL_Driver/Src/stm32f7xx_hal_rcc_ex.o
                0x00000000080011a8                HAL_RCCEx_PeriphCLKConfig
 .text.HAL_SDRAM_Init
                0x00000000080016bc       0x40 Drivers/STM32F7xx_HAL_Driver/Src/stm32f7xx_hal_sdram.o
                0x00000000080016bc                HAL_SDRAM_Init
 .text.HAL_SDRAM_SendCommand
                0x00000000080016fc       0x2e Drivers/STM32F7xx_HAL_Driver/Src/stm32f7xx_hal_sdram.o
                0x00000000080016fc                HAL_SDRAM_SendCommand
 *fill*         0x000000000800172a        0x2 
 .text.UART_SetConfig
                0x000000000800172c      0x288 Drivers/STM32F7xx_HAL_Driver/Src/stm32f7xx_hal_uart.o
                0x000000000800172c                UART_SetConfig
 .text.UART_AdvFeatureConfig
                0x00000000080019b4       0xaa Drivers/STM32F7xx_HAL_Driver/Src/stm32f7xx_hal_uart.o
                0x00000000080019b4                UART_AdvFeatureConfig
 .text.UART_WaitOnFlagUntilTimeout
                0x0000000008001a5e       0x86 Drivers/STM32F7xx_HAL_Driver/Src/stm32f7xx_hal_uart.o
                0x0000000008001a5e                UART_WaitOnFlagUntilTimeout
 .text.HAL_UART_Transmit
                0x0000000008001ae4       0xb0 Drivers/STM32F7xx_HAL_Driver/Src/stm32f7xx_hal_uart.o
                0x0000000008001ae4                HAL_UART_Transmit
 .text.UART_CheckIdleState
                0x0000000008001b94       0x40 Drivers/STM32F7xx_HAL_Driver/Src/stm32f7xx_hal_uart.o
                0x0000000008001b94                UART_CheckIdleState
 .text.HAL_UART_Init
                0x0000000008001bd4       0x5c Drivers/STM32F7xx_HAL_Driver/Src/stm32f7xx_hal_uart.o
                0x0000000008001bd4                HAL_UART_Init
 .text.FMC_SDRAM_Init
                0x0000000008001c30       0x7e Drivers/STM32F7xx_HAL_Driver/Src/stm32f7xx_ll_fmc.o
                0x0000000008001c30                FMC_SDRAM_Init
 .text.FMC_SDRAM_Timing_Init
                0x0000000008001cae       0x90 Drivers/STM32F7xx_HAL_Driver/Src/stm32f7xx_ll_fmc.o
                0x0000000008001cae                FMC_SDRAM_Timing_Init
 .text.FMC_SDRAM_SendCommand
                0x0000000008001d3e       0x26 Drivers/STM32F7xx_HAL_Driver/Src/stm32f7xx_ll_fmc.o
                0x0000000008001d3e                FMC_SDRAM_SendCommand
 .text.MT48LC4M32B2_Init
                0x0000000008001d64       0xb4 Src/MT48LC4M32B2.o
                0x0000000008001d64                MT48LC4M32B2_Init
 .text.SystemClock_Config
                0x0000000008001e18       0xbc Src/main.o
                0x0000000008001e18                SystemClock_Config
 .text.startup.main
                0x0000000008001ed4      0x3fc Src/main.o
                0x0000000008001ed4                main
 .text.HAL_MspInit
                0x00000000080022d0       0x30 Src/stm32f7xx_hal_msp.o
                0x00000000080022d0                HAL_MspInit
 .text.HAL_LTDC_MspInit
                0x0000000008002300      0x110 Src/stm32f7xx_hal_msp.o
                0x0000000008002300                HAL_LTDC_MspInit
 .text.HAL_UART_MspInit
                0x0000000008002410       0x94 Src/stm32f7xx_hal_msp.o
                0x0000000008002410                HAL_UART_MspInit
 .text.HAL_SDRAM_MspInit
                0x00000000080024a4       0xd8 Src/stm32f7xx_hal_msp.o
                0x00000000080024a4                HAL_SDRAM_MspInit
 .text.NMI_Handler
                0x000000000800257c        0x2 Src/stm32f7xx_it.o
                0x000000000800257c                NMI_Handler
 .text.HardFault_Handler
                0x000000000800257e        0x2 Src/stm32f7xx_it.o
                0x000000000800257e                HardFault_Handler
 .text.MemManage_Handler
                0x0000000008002580        0x2 Src/stm32f7xx_it.o
                0x0000000008002580                MemManage_Handler
 .text.BusFault_Handler
                0x0000000008002582        0x2 Src/stm32f7xx_it.o
                0x0000000008002582                BusFault_Handler
 .text.UsageFault_Handler
                0x0000000008002584        0x2 Src/stm32f7xx_it.o
                0x0000000008002584                UsageFault_Handler
 .text.SVC_Handler
                0x0000000008002586        0x2 Src/stm32f7xx_it.o
                0x0000000008002586                SVC_Handler
 .text.DebugMon_Handler
                0x0000000008002588        0x2 Src/stm32f7xx_it.o
                0x0000000008002588                DebugMon_Handler
 .text.PendSV_Handler
                0x000000000800258a        0x2 Src/stm32f7xx_it.o
                0x000000000800258a                PendSV_Handler
 .text.SysTick_Handler
                0x000000000800258c        0x4 Src/stm32f7xx_it.o
                0x000000000800258c                SysTick_Handler
 .text._sbrk    0x0000000008002590       0x34 Src/syscalls.o
                0x0000000008002590                _sbrk
 .text.SystemInit
                0x00000000080025c4       0x1c Src/system_stm32f7xx.o
                0x00000000080025c4                SystemInit
 .text.Reset_Handler
                0x00000000080025e0       0x50 startup/startup_stm32f746xx.o
                0x00000000080025e0                Reset_Handler
 .text.Default_Handler
                0x0000000008002630        0x2 startup/startup_stm32f746xx.o
                0x0000000008002630                RTC_Alarm_IRQHandler
                0x0000000008002630                EXTI2_IRQHandler
                0x0000000008002630                TIM8_CC_IRQHandler
                0x0000000008002630                UART8_IRQHandler
                0x0000000008002630                SPI4_IRQHandler
                0x0000000008002630                TIM1_CC_IRQHandler
                0x0000000008002630                DMA2_Stream5_IRQHandler
                0x0000000008002630                DMA1_Stream5_IRQHandler
                0x0000000008002630                PVD_IRQHandler
                0x0000000008002630                TAMP_STAMP_IRQHandler
                0x0000000008002630                CAN2_RX1_IRQHandler
                0x0000000008002630                EXTI3_IRQHandler
                0x0000000008002630                TIM8_TRG_COM_TIM14_IRQHandler
                0x0000000008002630                TIM1_UP_TIM10_IRQHandler
                0x0000000008002630                TIM8_UP_TIM13_IRQHandler
                0x0000000008002630                I2C3_ER_IRQHandler
                0x0000000008002630                EXTI0_IRQHandler
                0x0000000008002630                I2C2_EV_IRQHandler
                0x0000000008002630                DMA1_Stream2_IRQHandler
                0x0000000008002630                CAN1_RX0_IRQHandler
                0x0000000008002630                FPU_IRQHandler
                0x0000000008002630                OTG_HS_WKUP_IRQHandler
                0x0000000008002630                LTDC_ER_IRQHandler
                0x0000000008002630                CAN2_SCE_IRQHandler
                0x0000000008002630                DMA2_Stream2_IRQHandler
                0x0000000008002630                SPI1_IRQHandler
                0x0000000008002630                TIM6_DAC_IRQHandler
                0x0000000008002630                TIM1_BRK_TIM9_IRQHandler
                0x0000000008002630                DCMI_IRQHandler
                0x0000000008002630                CAN2_RX0_IRQHandler
                0x0000000008002630                DMA2_Stream3_IRQHandler
                0x0000000008002630                SAI2_IRQHandler
                0x0000000008002630                USART6_IRQHandler
                0x0000000008002630                USART3_IRQHandler
                0x0000000008002630                CAN1_RX1_IRQHandler
                0x0000000008002630                UART5_IRQHandler
                0x0000000008002630                DMA2_Stream0_IRQHandler
                0x0000000008002630                TIM4_IRQHandler
                0x0000000008002630                QUADSPI_IRQHandler
                0x0000000008002630                I2C1_EV_IRQHandler
                0x0000000008002630                DMA1_Stream6_IRQHandler
                0x0000000008002630                DMA1_Stream1_IRQHandler
                0x0000000008002630                UART4_IRQHandler
                0x0000000008002630                TIM3_IRQHandler
                0x0000000008002630                RCC_IRQHandler
                0x0000000008002630                TIM8_BRK_TIM12_IRQHandler
                0x0000000008002630                Default_Handler
                0x0000000008002630                CEC_IRQHandler
                0x0000000008002630                EXTI15_10_IRQHandler
                0x0000000008002630                ADC_IRQHandler
                0x0000000008002630                DMA1_Stream7_IRQHandler
                0x0000000008002630                SPI5_IRQHandler
                0x0000000008002630                TIM7_IRQHandler
                0x0000000008002630                SDMMC1_IRQHandler
                0x0000000008002630                CAN2_TX_IRQHandler
                0x0000000008002630                TIM5_IRQHandler
                0x0000000008002630                DMA2_Stream7_IRQHandler
                0x0000000008002630                I2C3_EV_IRQHandler
                0x0000000008002630                EXTI9_5_IRQHandler
                0x0000000008002630                RTC_WKUP_IRQHandler
                0x0000000008002630                LTDC_IRQHandler
                0x0000000008002630                ETH_WKUP_IRQHandler
                0x0000000008002630                SPDIF_RX_IRQHandler
                0x0000000008002630                SPI2_IRQHandler
                0x0000000008002630                OTG_HS_EP1_IN_IRQHandler
                0x0000000008002630                DMA1_Stream0_IRQHandler
                0x0000000008002630                CAN1_TX_IRQHandler
                0x0000000008002630                EXTI4_IRQHandler
                0x0000000008002630                RNG_IRQHandler
                0x0000000008002630                ETH_IRQHandler
                0x0000000008002630                OTG_HS_EP1_OUT_IRQHandler
                0x0000000008002630                WWDG_IRQHandler
                0x0000000008002630                SPI6_IRQHandler
                0x0000000008002630                I2C4_EV_IRQHandler
                0x0000000008002630                TIM2_IRQHandler
                0x0000000008002630                OTG_FS_WKUP_IRQHandler
                0x0000000008002630                TIM1_TRG_COM_TIM11_IRQHandler
                0x0000000008002630                OTG_HS_IRQHandler
                0x0000000008002630                DMA2D_IRQHandler
                0x0000000008002630                EXTI1_IRQHandler
                0x0000000008002630                UART7_IRQHandler
                0x0000000008002630                USART2_IRQHandler
                0x0000000008002630                I2C2_ER_IRQHandler
                0x0000000008002630                DMA2_Stream1_IRQHandler
                0x0000000008002630                CAN1_SCE_IRQHandler
                0x0000000008002630                FLASH_IRQHandler
                0x0000000008002630                DMA2_Stream4_IRQHandler
                0x0000000008002630                USART1_IRQHandler
                0x0000000008002630                OTG_FS_IRQHandler
                0x0000000008002630                SPI3_IRQHandler
                0x0000000008002630                DMA1_Stream4_IRQHandler
                0x0000000008002630                I2C1_ER_IRQHandler
                0x0000000008002630                FMC_IRQHandler
                0x0000000008002630                LPTIM1_IRQHandler
                0x0000000008002630                I2C4_ER_IRQHandler
                0x0000000008002630                DMA2_Stream6_IRQHandler
                0x0000000008002630                SAI1_IRQHandler
                0x0000000008002630                DMA1_Stream3_IRQHandler
 *fill*         0x0000000008002632        0x2 
 .text.__errno  0x0000000008002634        0xc /opt/Atollic_TrueSTUDIO_for_STM32_x86_64_9.3.0/ARMTools/bin/../lib/gcc/arm-atollic-eabi/6.3.1/../../../../arm-atollic-eabi/lib/armv7e-m/fpu/fpv5-sp-d16/libc_nano.a(lib_a-errno.o)
                0x0000000008002634                __errno
 .text.__libc_init_array
                0x0000000008002640       0x48 /opt/Atollic_TrueSTUDIO_for_STM32_x86_64_9.3.0/ARMTools/bin/../lib/gcc/arm-atollic-eabi/6.3.1/../../../../arm-atollic-eabi/lib/armv7e-m/fpu/fpv5-sp-d16/libc_nano.a(lib_a-init.o)
                0x0000000008002640                __libc_init_array
 .text.memset   0x0000000008002688       0x10 /opt/Atollic_TrueSTUDIO_for_STM32_x86_64_9.3.0/ARMTools/bin/../lib/gcc/arm-atollic-eabi/6.3.1/../../../../arm-atollic-eabi/lib/armv7e-m/fpu/fpv5-sp-d16/libc_nano.a(lib_a-memset.o)
                0x0000000008002688                memset
 .text.sprintf  0x0000000008002698       0x48 /opt/Atollic_TrueSTUDIO_for_STM32_x86_64_9.3.0/ARMTools/bin/../lib/gcc/arm-atollic-eabi/6.3.1/../../../../arm-atollic-eabi/lib/armv7e-m/fpu/fpv5-sp-d16/libc_nano.a(lib_a-sprintf.o)
                0x0000000008002698                sprintf
                0x0000000008002698                siprintf
 .text.__ssputs_r
                0x00000000080026e0       0xb6 /opt/Atollic_TrueSTUDIO_for_STM32_x86_64_9.3.0/ARMTools/bin/../lib/gcc/arm-atollic-eabi/6.3.1/../../../../arm-atollic-eabi/lib/armv7e-m/fpu/fpv5-sp-d16/libc_nano.a(lib_a-nano-svfprintf.o)
                0x00000000080026e0                __ssputs_r
 *fill*         0x0000000008002796        0x2 
 .text._svfprintf_r
                0x0000000008002798      0x1e8 /opt/Atollic_TrueSTUDIO_for_STM32_x86_64_9.3.0/ARMTools/bin/../lib/gcc/arm-atollic-eabi/6.3.1/../../../../arm-atollic-eabi/lib/armv7e-m/fpu/fpv5-sp-d16/libc_nano.a(lib_a-nano-svfprintf.o)
                0x0000000008002798                _svfprintf_r
                0x0000000008002798                _svfiprintf_r
 .text._printf_common
                0x0000000008002980       0xec /opt/Atollic_TrueSTUDIO_for_STM32_x86_64_9.3.0/ARMTools/bin/../lib/gcc/arm-atollic-eabi/6.3.1/../../../../arm-atollic-eabi/lib/armv7e-m/fpu/fpv5-sp-d16/libc_nano.a(lib_a-nano-vfprintf_i.o)
                0x0000000008002980                _printf_common
 .text._printf_i
                0x0000000008002a6c      0x240 /opt/Atollic_TrueSTUDIO_for_STM32_x86_64_9.3.0/ARMTools/bin/../lib/gcc/arm-atollic-eabi/6.3.1/../../../../arm-atollic-eabi/lib/armv7e-m/fpu/fpv5-sp-d16/libc_nano.a(lib_a-nano-vfprintf_i.o)
                0x0000000008002a6c                _printf_i
 .text.memcpy   0x0000000008002cac       0x16 /opt/Atollic_TrueSTUDIO_for_STM32_x86_64_9.3.0/ARMTools/bin/../lib/gcc/arm-atollic-eabi/6.3.1/../../../../arm-atollic-eabi/lib/armv7e-m/fpu/fpv5-sp-d16/libc_nano.a(lib_a-memcpy-stub.o)
                0x0000000008002cac                memcpy
 .text.memmove  0x0000000008002cc2       0x34 /opt/Atollic_TrueSTUDIO_for_STM32_x86_64_9.3.0/ARMTools/bin/../lib/gcc/arm-atollic-eabi/6.3.1/../../../../arm-atollic-eabi/lib/armv7e-m/fpu/fpv5-sp-d16/libc_nano.a(lib_a-memmove.o)
                0x0000000008002cc2                memmove
 *fill*         0x0000000008002cf6        0x2 
 .text._free_r  0x0000000008002cf8       0x9c /opt/Atollic_TrueSTUDIO_for_STM32_x86_64_9.3.0/ARMTools/bin/../lib/gcc/arm-atollic-eabi/6.3.1/../../../../arm-atollic-eabi/lib/armv7e-m/fpu/fpv5-sp-d16/libc_nano.a(lib_a-nano-freer.o)
                0x0000000008002cf8                _free_r
 .text._malloc_r
                0x0000000008002d94       0xbc /opt/Atollic_TrueSTUDIO_for_STM32_x86_64_9.3.0/ARMTools/bin/../lib/gcc/arm-atollic-eabi/6.3.1/../../../../arm-atollic-eabi/lib/armv7e-m/fpu/fpv5-sp-d16/libc_nano.a(lib_a-nano-mallocr.o)
                0x0000000008002d94                _malloc_r
 .text._realloc_r
                0x0000000008002e50       0x4c /opt/Atollic_TrueSTUDIO_for_STM32_x86_64_9.3.0/ARMTools/bin/../lib/gcc/arm-atollic-eabi/6.3.1/../../../../arm-atollic-eabi/lib/armv7e-m/fpu/fpv5-sp-d16/libc_nano.a(lib_a-nano-reallocr.o)
                0x0000000008002e50                _realloc_r
 .text._sbrk_r  0x0000000008002e9c       0x20 /opt/Atollic_TrueSTUDIO_for_STM32_x86_64_9.3.0/ARMTools/bin/../lib/gcc/arm-atollic-eabi/6.3.1/../../../../arm-atollic-eabi/lib/armv7e-m/fpu/fpv5-sp-d16/libc_nano.a(lib_a-sbrkr.o)
                0x0000000008002e9c                _sbrk_r
 .text.__malloc_lock
                0x0000000008002ebc        0x2 /opt/Atollic_TrueSTUDIO_for_STM32_x86_64_9.3.0/ARMTools/bin/../lib/gcc/arm-atollic-eabi/6.3.1/../../../../arm-atollic-eabi/lib/armv7e-m/fpu/fpv5-sp-d16/libc_nano.a(lib_a-mlock.o)
                0x0000000008002ebc                __malloc_lock
 .text.__malloc_unlock
                0x0000000008002ebe        0x2 /opt/Atollic_TrueSTUDIO_for_STM32_x86_64_9.3.0/ARMTools/bin/../lib/gcc/arm-atollic-eabi/6.3.1/../../../../arm-atollic-eabi/lib/armv7e-m/fpu/fpv5-sp-d16/libc_nano.a(lib_a-mlock.o)
                0x0000000008002ebe                __malloc_unlock
 .text._malloc_usable_size_r
                0x0000000008002ec0       0x12 /opt/Atollic_TrueSTUDIO_for_STM32_x86_64_9.3.0/ARMTools/bin/../lib/gcc/arm-atollic-eabi/6.3.1/../../../../arm-atollic-eabi/lib/armv7e-m/fpu/fpv5-sp-d16/libc_nano.a(lib_a-nano-msizer.o)
                0x0000000008002ec0                _malloc_usable_size_r
 *(.glue_7)
 .glue_7        0x0000000008002ed2        0x0 linker stubs
 *(.glue_7t)
 .glue_7t       0x0000000008002ed2        0x0 linker stubs
 *(.eh_frame)
 *fill*         0x0000000008002ed2        0x2 
 .eh_frame      0x0000000008002ed4        0x0 /opt/Atollic_TrueSTUDIO_for_STM32_x86_64_9.3.0/ARMTools/bin/../lib/gcc/arm-atollic-eabi/6.3.1/armv7e-m/fpu/fpv5-sp-d16/crtbegin.o
 *(.init)
 .init          0x0000000008002ed4        0x4 /opt/Atollic_TrueSTUDIO_for_STM32_x86_64_9.3.0/ARMTools/bin/../lib/gcc/arm-atollic-eabi/6.3.1/armv7e-m/fpu/fpv5-sp-d16/crti.o
                0x0000000008002ed4                _init
 .init          0x0000000008002ed8        0x8 /opt/Atollic_TrueSTUDIO_for_STM32_x86_64_9.3.0/ARMTools/bin/../lib/gcc/arm-atollic-eabi/6.3.1/armv7e-m/fpu/fpv5-sp-d16/crtn.o
 *(.fini)
 .fini          0x0000000008002ee0        0x4 /opt/Atollic_TrueSTUDIO_for_STM32_x86_64_9.3.0/ARMTools/bin/../lib/gcc/arm-atollic-eabi/6.3.1/armv7e-m/fpu/fpv5-sp-d16/crti.o
                0x0000000008002ee0                _fini
 .fini          0x0000000008002ee4        0x8 /opt/Atollic_TrueSTUDIO_for_STM32_x86_64_9.3.0/ARMTools/bin/../lib/gcc/arm-atollic-eabi/6.3.1/armv7e-m/fpu/fpv5-sp-d16/crtn.o
                0x0000000008002eec                . = ALIGN (0x4)
                0x0000000008002eec                _etext = .

.vfp11_veneer   0x0000000008002eec        0x0
 .vfp11_veneer  0x0000000008002eec        0x0 linker stubs

.v4_bx          0x0000000008002eec        0x0
 .v4_bx         0x0000000008002eec        0x0 linker stubs

.iplt           0x0000000008002eec        0x0
 .iplt          0x0000000008002eec        0x0 /opt/Atollic_TrueSTUDIO_for_STM32_x86_64_9.3.0/ARMTools/bin/../lib/gcc/arm-atollic-eabi/6.3.1/armv7e-m/fpu/fpv5-sp-d16/crtbegin.o

.rodata         0x0000000008002eec       0x70
                0x0000000008002eec                . = ALIGN (0x4)
 *(.rodata)
 *(.rodata*)
 .rodata.CSWTCH.52
                0x0000000008002eec        0x4 Drivers/STM32F7xx_HAL_Driver/Src/stm32f7xx_hal_uart.o
 .rodata.CSWTCH.53
                0x0000000008002ef0        0xd Drivers/STM32F7xx_HAL_Driver/Src/stm32f7xx_hal_uart.o
 .rodata.main.str1.1
                0x0000000008002efd       0x11 Src/main.o
 .rodata.AHBPrescTable
                0x0000000008002f0e       0x10 Src/system_stm32f7xx.o
                0x0000000008002f0e                AHBPrescTable
 .rodata.APBPrescTable
                0x0000000008002f1e        0x8 Src/system_stm32f7xx.o
                0x0000000008002f1e                APBPrescTable
 .rodata._svfprintf_r.str1.1
                0x0000000008002f26       0x11 /opt/Atollic_TrueSTUDIO_for_STM32_x86_64_9.3.0/ARMTools/bin/../lib/gcc/arm-atollic-eabi/6.3.1/../../../../arm-atollic-eabi/lib/armv7e-m/fpu/fpv5-sp-d16/libc_nano.a(lib_a-nano-svfprintf.o)
 .rodata._printf_i.str1.1
                0x0000000008002f37       0x22 /opt/Atollic_TrueSTUDIO_for_STM32_x86_64_9.3.0/ARMTools/bin/../lib/gcc/arm-atollic-eabi/6.3.1/../../../../arm-atollic-eabi/lib/armv7e-m/fpu/fpv5-sp-d16/libc_nano.a(lib_a-nano-vfprintf_i.o)
                0x0000000008002f5c                . = ALIGN (0x4)
 *fill*         0x0000000008002f59        0x3 

.ARM.extab
 *(.ARM.extab* .gnu.linkonce.armextab.*)

.ARM            0x0000000008002f5c        0x8
                0x0000000008002f5c                __exidx_start = .
 *(.ARM.exidx*)
 .ARM.exidx     0x0000000008002f5c        0x8 /opt/Atollic_TrueSTUDIO_for_STM32_x86_64_9.3.0/ARMTools/bin/../lib/gcc/arm-atollic-eabi/6.3.1/armv7e-m/fpu/fpv5-sp-d16/libgcc.a(_udivmoddi4.o)
                0x0000000008002f64                __exidx_end = .

.rel.dyn        0x0000000008002f64        0x0
 .rel.iplt      0x0000000008002f64        0x0 /opt/Atollic_TrueSTUDIO_for_STM32_x86_64_9.3.0/ARMTools/bin/../lib/gcc/arm-atollic-eabi/6.3.1/armv7e-m/fpu/fpv5-sp-d16/crtbegin.o

.preinit_array  0x0000000008002f64        0x0
                0x0000000008002f64                PROVIDE (__preinit_array_start, .)
 *(.preinit_array*)
                0x0000000008002f64                PROVIDE (__preinit_array_end, .)

.init_array     0x0000000008002f64        0x4
                0x0000000008002f64                PROVIDE (__init_array_start, .)
 *(SORT(.init_array.*))
 *(.init_array*)
 .init_array    0x0000000008002f64        0x4 /opt/Atollic_TrueSTUDIO_for_STM32_x86_64_9.3.0/ARMTools/bin/../lib/gcc/arm-atollic-eabi/6.3.1/armv7e-m/fpu/fpv5-sp-d16/crtbegin.o
                0x0000000008002f68                PROVIDE (__init_array_end, .)

.fini_array     0x0000000008002f68        0x4
                [!provide]                        PROVIDE (__fini_array_start, .)
 *(SORT(.fini_array.*))
 *(.fini_array*)
 .fini_array    0x0000000008002f68        0x4 /opt/Atollic_TrueSTUDIO_for_STM32_x86_64_9.3.0/ARMTools/bin/../lib/gcc/arm-atollic-eabi/6.3.1/armv7e-m/fpu/fpv5-sp-d16/crtbegin.o
                [!provide]                        PROVIDE (__fini_array_end, .)
                0x0000000008002f6c                _sidata = LOADADDR (.data)

.data           0x0000000020000000       0x70 load address 0x0000000008002f6c
                0x0000000020000000                . = ALIGN (0x4)
                0x0000000020000000                _sdata = .
 *(.data)
 *(.data*)
 .data.uwTickFreq
                0x0000000020000000        0x1 Drivers/STM32F7xx_HAL_Driver/Src/stm32f7xx_hal.o
                0x0000000020000000                uwTickFreq
 *fill*         0x0000000020000001        0x3 
 .data.uwTickPrio
                0x0000000020000004        0x4 Drivers/STM32F7xx_HAL_Driver/Src/stm32f7xx_hal.o
                0x0000000020000004                uwTickPrio
 .data.SystemCoreClock
                0x0000000020000008        0x4 Src/system_stm32f7xx.o
                0x0000000020000008                SystemCoreClock
 .data._impure_ptr
                0x000000002000000c        0x4 /opt/Atollic_TrueSTUDIO_for_STM32_x86_64_9.3.0/ARMTools/bin/../lib/gcc/arm-atollic-eabi/6.3.1/../../../../arm-atollic-eabi/lib/armv7e-m/fpu/fpv5-sp-d16/libc_nano.a(lib_a-impure.o)
                0x000000002000000c                _impure_ptr
 .data.impure_data
                0x0000000020000010       0x60 /opt/Atollic_TrueSTUDIO_for_STM32_x86_64_9.3.0/ARMTools/bin/../lib/gcc/arm-atollic-eabi/6.3.1/../../../../arm-atollic-eabi/lib/armv7e-m/fpu/fpv5-sp-d16/libc_nano.a(lib_a-impure.o)
                0x0000000020000070                . = ALIGN (0x4)
                0x0000000020000070                _edata = .

.igot.plt       0x0000000020000070        0x0 load address 0x0000000008002fdc
 .igot.plt      0x0000000020000070        0x0 /opt/Atollic_TrueSTUDIO_for_STM32_x86_64_9.3.0/ARMTools/bin/../lib/gcc/arm-atollic-eabi/6.3.1/armv7e-m/fpu/fpv5-sp-d16/crtbegin.o
                0x0000000020000070                . = ALIGN (0x4)

.bss            0x0000000020000070      0x9a8 load address 0x0000000008002fdc
                0x0000000020000070                _sbss = .
                0x0000000020000070                __bss_start__ = _sbss
 *(.bss)
 .bss           0x0000000020000070       0x1c /opt/Atollic_TrueSTUDIO_for_STM32_x86_64_9.3.0/ARMTools/bin/../lib/gcc/arm-atollic-eabi/6.3.1/armv7e-m/fpu/fpv5-sp-d16/crtbegin.o
 *(.bss*)
 .bss.uwIndex   0x000000002000008c        0x4 Src/main.o
                0x000000002000008c                uwIndex
 .bss.FMC_Initialized
                0x0000000020000090        0x4 Src/stm32f7xx_hal_msp.o
 .bss.heap_end.7010
                0x0000000020000094        0x4 Src/syscalls.o
 .bss.__malloc_free_list
                0x0000000020000098        0x4 /opt/Atollic_TrueSTUDIO_for_STM32_x86_64_9.3.0/ARMTools/bin/../lib/gcc/arm-atollic-eabi/6.3.1/../../../../arm-atollic-eabi/lib/armv7e-m/fpu/fpv5-sp-d16/libc_nano.a(lib_a-nano-mallocr.o)
                0x0000000020000098                __malloc_free_list
 .bss.__malloc_sbrk_start
                0x000000002000009c        0x4 /opt/Atollic_TrueSTUDIO_for_STM32_x86_64_9.3.0/ARMTools/bin/../lib/gcc/arm-atollic-eabi/6.3.1/../../../../arm-atollic-eabi/lib/armv7e-m/fpu/fpv5-sp-d16/libc_nano.a(lib_a-nano-mallocr.o)
                0x000000002000009c                __malloc_sbrk_start
 *(COMMON)
 COMMON         0x00000000200000a0        0x4 Drivers/STM32F7xx_HAL_Driver/Src/stm32f7xx_hal.o
                0x00000000200000a0                uwTick
 COMMON         0x00000000200000a4       0x11 Src/MT48LC4M32B2.o
                0x00000000200000a4                command
                0x00000000200000b4                hal_stat
 *fill*         0x00000000200000b5        0x3 
 COMMON         0x00000000200000b8      0x95c Src/main.o
                0x00000000200000b8                hltdc
                0x0000000020000160                huart1
                0x00000000200001e0                aRxBuffer
                0x00000000200005e0                hsdram1
                0x0000000020000614                aTxBuffer
 COMMON         0x0000000020000a14        0x4 /opt/Atollic_TrueSTUDIO_for_STM32_x86_64_9.3.0/ARMTools/bin/../lib/gcc/arm-atollic-eabi/6.3.1/../../../../arm-atollic-eabi/lib/armv7e-m/fpu/fpv5-sp-d16/libc_nano.a(lib_a-reent.o)
                0x0000000020000a14                errno
                0x0000000020000a18                . = ALIGN (0x4)
                0x0000000020000a18                _ebss = .
                0x0000000020000a18                __bss_end__ = _ebss

._user_heap_stack
                0x0000000020000a18     0x6000 load address 0x0000000008002fdc
                0x0000000020000a18                . = ALIGN (0x4)
                0x0000000020000a18                PROVIDE (end, .)
                [!provide]                        PROVIDE (_end, .)
                0x0000000020002a18                . = (. + _Min_Heap_Size)
 *fill*         0x0000000020000a18     0x2000 
                0x0000000020006a18                . = (. + _Min_Stack_Size)
 *fill*         0x0000000020002a18     0x4000 
                0x0000000020006a18                . = ALIGN (0x4)

/DISCARD/
 libc.a(*)
 libm.a(*)
 libgcc.a(*)

.ARM.attributes
                0x0000000000000000       0x30
 *(.ARM.attributes)
 .ARM.attributes
                0x0000000000000000       0x22 /opt/Atollic_TrueSTUDIO_for_STM32_x86_64_9.3.0/ARMTools/bin/../lib/gcc/arm-atollic-eabi/6.3.1/armv7e-m/fpu/fpv5-sp-d16/crti.o
 .ARM.attributes
                0x0000000000000022       0x34 /opt/Atollic_TrueSTUDIO_for_STM32_x86_64_9.3.0/ARMTools/bin/../lib/gcc/arm-atollic-eabi/6.3.1/armv7e-m/fpu/fpv5-sp-d16/crtbegin.o
 .ARM.attributes
                0x0000000000000056       0x39 Drivers/STM32F7xx_HAL_Driver/Src/stm32f7xx_hal.o
 .ARM.attributes
                0x000000000000008f       0x39 Drivers/STM32F7xx_HAL_Driver/Src/stm32f7xx_hal_cortex.o
 .ARM.attributes
                0x00000000000000c8       0x39 Drivers/STM32F7xx_HAL_Driver/Src/stm32f7xx_hal_gpio.o
 .ARM.attributes
                0x0000000000000101       0x39 Drivers/STM32F7xx_HAL_Driver/Src/stm32f7xx_hal_ltdc.o
 .ARM.attributes
                0x000000000000013a       0x39 Drivers/STM32F7xx_HAL_Driver/Src/stm32f7xx_hal_pwr_ex.o
 .ARM.attributes
                0x0000000000000173       0x39 Drivers/STM32F7xx_HAL_Driver/Src/stm32f7xx_hal_rcc.o
 .ARM.attributes
                0x00000000000001ac       0x39 Drivers/STM32F7xx_HAL_Driver/Src/stm32f7xx_hal_rcc_ex.o
 .ARM.attributes
                0x00000000000001e5       0x39 Drivers/STM32F7xx_HAL_Driver/Src/stm32f7xx_hal_sdram.o
 .ARM.attributes
                0x000000000000021e       0x39 Drivers/STM32F7xx_HAL_Driver/Src/stm32f7xx_hal_uart.o
 .ARM.attributes
                0x0000000000000257       0x39 Drivers/STM32F7xx_HAL_Driver/Src/stm32f7xx_ll_fmc.o
 .ARM.attributes
                0x0000000000000290       0x39 Src/MT48LC4M32B2.o
 .ARM.attributes
                0x00000000000002c9       0x39 Src/main.o
 .ARM.attributes
                0x0000000000000302       0x39 Src/stm32f7xx_hal_msp.o
 .ARM.attributes
                0x000000000000033b       0x39 Src/stm32f7xx_it.o
 .ARM.attributes
                0x0000000000000374       0x39 Src/syscalls.o
 .ARM.attributes
                0x00000000000003ad       0x39 Src/system_stm32f7xx.o
 .ARM.attributes
                0x00000000000003e6       0x21 startup/startup_stm32f746xx.o
 .ARM.attributes
                0x0000000000000407       0x34 /opt/Atollic_TrueSTUDIO_for_STM32_x86_64_9.3.0/ARMTools/bin/../lib/gcc/arm-atollic-eabi/6.3.1/../../../../arm-atollic-eabi/lib/armv7e-m/fpu/fpv5-sp-d16/libc_nano.a(lib_a-errno.o)
 .ARM.attributes
                0x000000000000043b       0x34 /opt/Atollic_TrueSTUDIO_for_STM32_x86_64_9.3.0/ARMTools/bin/../lib/gcc/arm-atollic-eabi/6.3.1/../../../../arm-atollic-eabi/lib/armv7e-m/fpu/fpv5-sp-d16/libc_nano.a(lib_a-impure.o)
 .ARM.attributes
                0x000000000000046f       0x34 /opt/Atollic_TrueSTUDIO_for_STM32_x86_64_9.3.0/ARMTools/bin/../lib/gcc/arm-atollic-eabi/6.3.1/../../../../arm-atollic-eabi/lib/armv7e-m/fpu/fpv5-sp-d16/libc_nano.a(lib_a-init.o)
 .ARM.attributes
                0x00000000000004a3       0x34 /opt/Atollic_TrueSTUDIO_for_STM32_x86_64_9.3.0/ARMTools/bin/../lib/gcc/arm-atollic-eabi/6.3.1/../../../../arm-atollic-eabi/lib/armv7e-m/fpu/fpv5-sp-d16/libc_nano.a(lib_a-memset.o)
 .ARM.attributes
                0x00000000000004d7       0x34 /opt/Atollic_TrueSTUDIO_for_STM32_x86_64_9.3.0/ARMTools/bin/../lib/gcc/arm-atollic-eabi/6.3.1/../../../../arm-atollic-eabi/lib/armv7e-m/fpu/fpv5-sp-d16/libc_nano.a(lib_a-sprintf.o)
 .ARM.attributes
                0x000000000000050b       0x1b /opt/Atollic_TrueSTUDIO_for_STM32_x86_64_9.3.0/ARMTools/bin/../lib/gcc/arm-atollic-eabi/6.3.1/../../../../arm-atollic-eabi/lib/armv7e-m/fpu/fpv5-sp-d16/libc_nano.a(lib_a-strlen.o)
 .ARM.attributes
                0x0000000000000526       0x34 /opt/Atollic_TrueSTUDIO_for_STM32_x86_64_9.3.0/ARMTools/bin/../lib/gcc/arm-atollic-eabi/6.3.1/../../../../arm-atollic-eabi/lib/armv7e-m/fpu/fpv5-sp-d16/libc_nano.a(lib_a-nano-svfprintf.o)
 .ARM.attributes
                0x000000000000055a       0x34 /opt/Atollic_TrueSTUDIO_for_STM32_x86_64_9.3.0/ARMTools/bin/../lib/gcc/arm-atollic-eabi/6.3.1/../../../../arm-atollic-eabi/lib/armv7e-m/fpu/fpv5-sp-d16/libc_nano.a(lib_a-nano-vfprintf_i.o)
 .ARM.attributes
                0x000000000000058e       0x20 /opt/Atollic_TrueSTUDIO_for_STM32_x86_64_9.3.0/ARMTools/bin/../lib/gcc/arm-atollic-eabi/6.3.1/../../../../arm-atollic-eabi/lib/armv7e-m/fpu/fpv5-sp-d16/libc_nano.a(lib_a-memchr.o)
 .ARM.attributes
                0x00000000000005ae       0x34 /opt/Atollic_TrueSTUDIO_for_STM32_x86_64_9.3.0/ARMTools/bin/../lib/gcc/arm-atollic-eabi/6.3.1/../../../../arm-atollic-eabi/lib/armv7e-m/fpu/fpv5-sp-d16/libc_nano.a(lib_a-memcpy-stub.o)
 .ARM.attributes
                0x00000000000005e2       0x34 /opt/Atollic_TrueSTUDIO_for_STM32_x86_64_9.3.0/ARMTools/bin/../lib/gcc/arm-atollic-eabi/6.3.1/../../../../arm-atollic-eabi/lib/armv7e-m/fpu/fpv5-sp-d16/libc_nano.a(lib_a-memmove.o)
 .ARM.attributes
                0x0000000000000616       0x34 /opt/Atollic_TrueSTUDIO_for_STM32_x86_64_9.3.0/ARMTools/bin/../lib/gcc/arm-atollic-eabi/6.3.1/../../../../arm-atollic-eabi/lib/armv7e-m/fpu/fpv5-sp-d16/libc_nano.a(lib_a-nano-freer.o)
 .ARM.attributes
                0x000000000000064a       0x34 /opt/Atollic_TrueSTUDIO_for_STM32_x86_64_9.3.0/ARMTools/bin/../lib/gcc/arm-atollic-eabi/6.3.1/../../../../arm-atollic-eabi/lib/armv7e-m/fpu/fpv5-sp-d16/libc_nano.a(lib_a-nano-mallocr.o)
 .ARM.attributes
                0x000000000000067e       0x34 /opt/Atollic_TrueSTUDIO_for_STM32_x86_64_9.3.0/ARMTools/bin/../lib/gcc/arm-atollic-eabi/6.3.1/../../../../arm-atollic-eabi/lib/armv7e-m/fpu/fpv5-sp-d16/libc_nano.a(lib_a-nano-reallocr.o)
 .ARM.attributes
                0x00000000000006b2       0x34 /opt/Atollic_TrueSTUDIO_for_STM32_x86_64_9.3.0/ARMTools/bin/../lib/gcc/arm-atollic-eabi/6.3.1/../../../../arm-atollic-eabi/lib/armv7e-m/fpu/fpv5-sp-d16/libc_nano.a(lib_a-sbrkr.o)
 .ARM.attributes
                0x00000000000006e6       0x34 /opt/Atollic_TrueSTUDIO_for_STM32_x86_64_9.3.0/ARMTools/bin/../lib/gcc/arm-atollic-eabi/6.3.1/../../../../arm-atollic-eabi/lib/armv7e-m/fpu/fpv5-sp-d16/libc_nano.a(lib_a-mlock.o)
 .ARM.attributes
                0x000000000000071a       0x34 /opt/Atollic_TrueSTUDIO_for_STM32_x86_64_9.3.0/ARMTools/bin/../lib/gcc/arm-atollic-eabi/6.3.1/../../../../arm-atollic-eabi/lib/armv7e-m/fpu/fpv5-sp-d16/libc_nano.a(lib_a-nano-msizer.o)
 .ARM.attributes
                0x000000000000074e       0x34 /opt/Atollic_TrueSTUDIO_for_STM32_x86_64_9.3.0/ARMTools/bin/../lib/gcc/arm-atollic-eabi/6.3.1/../../../../arm-atollic-eabi/lib/armv7e-m/fpu/fpv5-sp-d16/libc_nano.a(lib_a-reent.o)
 .ARM.attributes
                0x0000000000000782       0x22 /opt/Atollic_TrueSTUDIO_for_STM32_x86_64_9.3.0/ARMTools/bin/../lib/gcc/arm-atollic-eabi/6.3.1/armv7e-m/fpu/fpv5-sp-d16/libgcc.a(_aeabi_uldivmod.o)
 .ARM.attributes
                0x00000000000007a4       0x34 /opt/Atollic_TrueSTUDIO_for_STM32_x86_64_9.3.0/ARMTools/bin/../lib/gcc/arm-atollic-eabi/6.3.1/armv7e-m/fpu/fpv5-sp-d16/libgcc.a(_udivmoddi4.o)
 .ARM.attributes
                0x00000000000007d8       0x22 /opt/Atollic_TrueSTUDIO_for_STM32_x86_64_9.3.0/ARMTools/bin/../lib/gcc/arm-atollic-eabi/6.3.1/armv7e-m/fpu/fpv5-sp-d16/libgcc.a(_dvmd_tls.o)
 .ARM.attributes
                0x00000000000007fa       0x22 /opt/Atollic_TrueSTUDIO_for_STM32_x86_64_9.3.0/ARMTools/bin/../lib/gcc/arm-atollic-eabi/6.3.1/armv7e-m/fpu/fpv5-sp-d16/crtn.o
OUTPUT(FMC_SDRAM.elf elf32-littlearm)

.debug_info     0x0000000000000000     0xea5f
 .debug_info    0x0000000000000000      0xaa3 Drivers/STM32F7xx_HAL_Driver/Src/stm32f7xx_hal.o
 .debug_info    0x0000000000000aa3     0x11ac Drivers/STM32F7xx_HAL_Driver/Src/stm32f7xx_hal_cortex.o
 .debug_info    0x0000000000001c4f      0x7ed Drivers/STM32F7xx_HAL_Driver/Src/stm32f7xx_hal_gpio.o
 .debug_info    0x000000000000243c     0x134e Drivers/STM32F7xx_HAL_Driver/Src/stm32f7xx_hal_ltdc.o
 .debug_info    0x000000000000378a      0xa38 Drivers/STM32F7xx_HAL_Driver/Src/stm32f7xx_hal_pwr_ex.o
 .debug_info    0x00000000000041c2      0xb51 Drivers/STM32F7xx_HAL_Driver/Src/stm32f7xx_hal_rcc.o
 .debug_info    0x0000000000004d13      0x8a5 Drivers/STM32F7xx_HAL_Driver/Src/stm32f7xx_hal_rcc_ex.o
 .debug_info    0x00000000000055b8      0xdf8 Drivers/STM32F7xx_HAL_Driver/Src/stm32f7xx_hal_sdram.o
 .debug_info    0x00000000000063b0     0x1c8d Drivers/STM32F7xx_HAL_Driver/Src/stm32f7xx_hal_uart.o
 .debug_info    0x000000000000803d      0xd0e Drivers/STM32F7xx_HAL_Driver/Src/stm32f7xx_ll_fmc.o
 .debug_info    0x0000000000008d4b      0x71c Src/MT48LC4M32B2.o
 .debug_info    0x0000000000009467     0x27c1 Src/main.o
 .debug_info    0x000000000000bc28     0x147e Src/stm32f7xx_hal_msp.o
 .debug_info    0x000000000000d0a6      0x20d Src/stm32f7xx_it.o
 .debug_info    0x000000000000d2b3      0xfe1 Src/syscalls.o
 .debug_info    0x000000000000e294      0x744 Src/system_stm32f7xx.o
 .debug_info    0x000000000000e9d8       0x87 startup/startup_stm32f746xx.o

.debug_abbrev   0x0000000000000000     0x2349
 .debug_abbrev  0x0000000000000000      0x239 Drivers/STM32F7xx_HAL_Driver/Src/stm32f7xx_hal.o
 .debug_abbrev  0x0000000000000239      0x314 Drivers/STM32F7xx_HAL_Driver/Src/stm32f7xx_hal_cortex.o
 .debug_abbrev  0x000000000000054d      0x1ef Drivers/STM32F7xx_HAL_Driver/Src/stm32f7xx_hal_gpio.o
 .debug_abbrev  0x000000000000073c      0x25c Drivers/STM32F7xx_HAL_Driver/Src/stm32f7xx_hal_ltdc.o
 .debug_abbrev  0x0000000000000998      0x1c4 Drivers/STM32F7xx_HAL_Driver/Src/stm32f7xx_hal_pwr_ex.o
 .debug_abbrev  0x0000000000000b5c      0x297 Drivers/STM32F7xx_HAL_Driver/Src/stm32f7xx_hal_rcc.o
 .debug_abbrev  0x0000000000000df3      0x1c8 Drivers/STM32F7xx_HAL_Driver/Src/stm32f7xx_hal_rcc_ex.o
 .debug_abbrev  0x0000000000000fbb      0x269 Drivers/STM32F7xx_HAL_Driver/Src/stm32f7xx_hal_sdram.o
 .debug_abbrev  0x0000000000001224      0x31b Drivers/STM32F7xx_HAL_Driver/Src/stm32f7xx_hal_uart.o
 .debug_abbrev  0x000000000000153f      0x198 Drivers/STM32F7xx_HAL_Driver/Src/stm32f7xx_ll_fmc.o
 .debug_abbrev  0x00000000000016d7      0x192 Src/MT48LC4M32B2.o
 .debug_abbrev  0x0000000000001869      0x348 Src/main.o
 .debug_abbrev  0x0000000000001bb1      0x259 Src/stm32f7xx_hal_msp.o
 .debug_abbrev  0x0000000000001e0a      0x112 Src/stm32f7xx_it.o
 .debug_abbrev  0x0000000000001f1c      0x2d9 Src/syscalls.o
 .debug_abbrev  0x00000000000021f5      0x142 Src/system_stm32f7xx.o
 .debug_abbrev  0x0000000000002337       0x12 startup/startup_stm32f746xx.o

.debug_loc      0x0000000000000000     0x54a1
 .debug_loc     0x0000000000000000      0x12e Drivers/STM32F7xx_HAL_Driver/Src/stm32f7xx_hal.o
 .debug_loc     0x000000000000012e      0x57e Drivers/STM32F7xx_HAL_Driver/Src/stm32f7xx_hal_cortex.o
 .debug_loc     0x00000000000006ac      0x363 Drivers/STM32F7xx_HAL_Driver/Src/stm32f7xx_hal_gpio.o
 .debug_loc     0x0000000000000a0f     0x1191 Drivers/STM32F7xx_HAL_Driver/Src/stm32f7xx_hal_ltdc.o
 .debug_loc     0x0000000000001ba0      0x1c2 Drivers/STM32F7xx_HAL_Driver/Src/stm32f7xx_hal_pwr_ex.o
 .debug_loc     0x0000000000001d62      0x404 Drivers/STM32F7xx_HAL_Driver/Src/stm32f7xx_hal_rcc.o
 .debug_loc     0x0000000000002166      0x5d1 Drivers/STM32F7xx_HAL_Driver/Src/stm32f7xx_hal_rcc_ex.o
 .debug_loc     0x0000000000002737      0x9ea Drivers/STM32F7xx_HAL_Driver/Src/stm32f7xx_hal_sdram.o
 .debug_loc     0x0000000000003121     0x14a1 Drivers/STM32F7xx_HAL_Driver/Src/stm32f7xx_hal_uart.o
 .debug_loc     0x00000000000045c2      0x81d Drivers/STM32F7xx_HAL_Driver/Src/stm32f7xx_ll_fmc.o
 .debug_loc     0x0000000000004ddf       0x2c Src/MT48LC4M32B2.o
 .debug_loc     0x0000000000004e0b       0x8e Src/main.o
 .debug_loc     0x0000000000004e99       0xfd Src/stm32f7xx_hal_msp.o
 .debug_loc     0x0000000000004f96      0x3ef Src/syscalls.o
 .debug_loc     0x0000000000005385      0x11c Src/system_stm32f7xx.o

.debug_aranges  0x0000000000000000      0x9a0
 .debug_aranges
                0x0000000000000000       0xf8 Drivers/STM32F7xx_HAL_Driver/Src/stm32f7xx_hal.o
 .debug_aranges
                0x00000000000000f8       0xa8 Drivers/STM32F7xx_HAL_Driver/Src/stm32f7xx_hal_cortex.o
 .debug_aranges
                0x00000000000001a0       0x58 Drivers/STM32F7xx_HAL_Driver/Src/stm32f7xx_hal_gpio.o
 .debug_aranges
                0x00000000000001f8      0x138 Drivers/STM32F7xx_HAL_Driver/Src/stm32f7xx_hal_ltdc.o
 .debug_aranges
                0x0000000000000330       0x80 Drivers/STM32F7xx_HAL_Driver/Src/stm32f7xx_hal_pwr_ex.o
 .debug_aranges
                0x00000000000003b0       0x88 Drivers/STM32F7xx_HAL_Driver/Src/stm32f7xx_hal_rcc.o
 .debug_aranges
                0x0000000000000438       0x50 Drivers/STM32F7xx_HAL_Driver/Src/stm32f7xx_hal_rcc_ex.o
 .debug_aranges
                0x0000000000000488       0xb0 Drivers/STM32F7xx_HAL_Driver/Src/stm32f7xx_hal_sdram.o
 .debug_aranges
                0x0000000000000538      0x1b8 Drivers/STM32F7xx_HAL_Driver/Src/stm32f7xx_hal_uart.o
 .debug_aranges
                0x00000000000006f0       0xc8 Drivers/STM32F7xx_HAL_Driver/Src/stm32f7xx_ll_fmc.o
 .debug_aranges
                0x00000000000007b8       0x20 Src/MT48LC4M32B2.o
 .debug_aranges
                0x00000000000007d8       0x30 Src/main.o
 .debug_aranges
                0x0000000000000808       0x50 Src/stm32f7xx_hal_msp.o
 .debug_aranges
                0x0000000000000858       0x48 Src/stm32f7xx_it.o
 .debug_aranges
                0x00000000000008a0       0xb0 Src/syscalls.o
 .debug_aranges
                0x0000000000000950       0x28 Src/system_stm32f7xx.o
 .debug_aranges
                0x0000000000000978       0x28 startup/startup_stm32f746xx.o

.debug_ranges   0x0000000000000000      0xc70
 .debug_ranges  0x0000000000000000       0xe8 Drivers/STM32F7xx_HAL_Driver/Src/stm32f7xx_hal.o
 .debug_ranges  0x00000000000000e8      0x138 Drivers/STM32F7xx_HAL_Driver/Src/stm32f7xx_hal_cortex.o
 .debug_ranges  0x0000000000000220       0x70 Drivers/STM32F7xx_HAL_Driver/Src/stm32f7xx_hal_gpio.o
 .debug_ranges  0x0000000000000290      0x128 Drivers/STM32F7xx_HAL_Driver/Src/stm32f7xx_hal_ltdc.o
 .debug_ranges  0x00000000000003b8       0xe8 Drivers/STM32F7xx_HAL_Driver/Src/stm32f7xx_hal_pwr_ex.o
 .debug_ranges  0x00000000000004a0       0xd8 Drivers/STM32F7xx_HAL_Driver/Src/stm32f7xx_hal_rcc.o
 .debug_ranges  0x0000000000000578       0x58 Drivers/STM32F7xx_HAL_Driver/Src/stm32f7xx_hal_rcc_ex.o
 .debug_ranges  0x00000000000005d0       0xa0 Drivers/STM32F7xx_HAL_Driver/Src/stm32f7xx_hal_sdram.o
 .debug_ranges  0x0000000000000670      0x1c0 Drivers/STM32F7xx_HAL_Driver/Src/stm32f7xx_hal_uart.o
 .debug_ranges  0x0000000000000830       0xb8 Drivers/STM32F7xx_HAL_Driver/Src/stm32f7xx_ll_fmc.o
 .debug_ranges  0x00000000000008e8       0x10 Src/MT48LC4M32B2.o
 .debug_ranges  0x00000000000008f8      0x158 Src/main.o
 .debug_ranges  0x0000000000000a50      0x110 Src/stm32f7xx_hal_msp.o
 .debug_ranges  0x0000000000000b60       0x38 Src/stm32f7xx_it.o
 .debug_ranges  0x0000000000000b98       0xa0 Src/syscalls.o
 .debug_ranges  0x0000000000000c38       0x18 Src/system_stm32f7xx.o
 .debug_ranges  0x0000000000000c50       0x20 startup/startup_stm32f746xx.o

.debug_line     0x0000000000000000     0x52aa
 .debug_line    0x0000000000000000      0x418 Drivers/STM32F7xx_HAL_Driver/Src/stm32f7xx_hal.o
 .debug_line    0x0000000000000418      0x45d Drivers/STM32F7xx_HAL_Driver/Src/stm32f7xx_hal_cortex.o
 .debug_line    0x0000000000000875      0x40b Drivers/STM32F7xx_HAL_Driver/Src/stm32f7xx_hal_gpio.o
 .debug_line    0x0000000000000c80      0xca4 Drivers/STM32F7xx_HAL_Driver/Src/stm32f7xx_hal_ltdc.o
 .debug_line    0x0000000000001924      0x375 Drivers/STM32F7xx_HAL_Driver/Src/stm32f7xx_hal_pwr_ex.o
 .debug_line    0x0000000000001c99      0x5a4 Drivers/STM32F7xx_HAL_Driver/Src/stm32f7xx_hal_rcc.o
 .debug_line    0x000000000000223d      0x448 Drivers/STM32F7xx_HAL_Driver/Src/stm32f7xx_hal_rcc_ex.o
 .debug_line    0x0000000000002685      0x551 Drivers/STM32F7xx_HAL_Driver/Src/stm32f7xx_hal_sdram.o
 .debug_line    0x0000000000002bd6      0xde3 Drivers/STM32F7xx_HAL_Driver/Src/stm32f7xx_hal_uart.o
 .debug_line    0x00000000000039b9      0x4d5 Drivers/STM32F7xx_HAL_Driver/Src/stm32f7xx_ll_fmc.o
 .debug_line    0x0000000000003e8e      0x24e Src/MT48LC4M32B2.o
 .debug_line    0x00000000000040dc      0x5e5 Src/main.o
 .debug_line    0x00000000000046c1      0x3dd Src/stm32f7xx_hal_msp.o
 .debug_line    0x0000000000004a9e      0x207 Src/stm32f7xx_it.o
 .debug_line    0x0000000000004ca5      0x393 Src/syscalls.o
 .debug_line    0x0000000000005038      0x1f4 Src/system_stm32f7xx.o
 .debug_line    0x000000000000522c       0x7e startup/startup_stm32f746xx.o

.debug_str      0x0000000000000000     0x4147
 .debug_str     0x0000000000000000      0xc68 Drivers/STM32F7xx_HAL_Driver/Src/stm32f7xx_hal.o
                                        0xcd1 (size before relaxing)
 .debug_str     0x0000000000000c68      0x565 Drivers/STM32F7xx_HAL_Driver/Src/stm32f7xx_hal_cortex.o
                                        0xe93 (size before relaxing)
 .debug_str     0x00000000000011cd      0x1ad Drivers/STM32F7xx_HAL_Driver/Src/stm32f7xx_hal_gpio.o
                                        0x5f3 (size before relaxing)
 .debug_str     0x000000000000137a      0x77c Drivers/STM32F7xx_HAL_Driver/Src/stm32f7xx_hal_ltdc.o
                                        0xaa8 (size before relaxing)
 .debug_str     0x0000000000001af6      0x20e Drivers/STM32F7xx_HAL_Driver/Src/stm32f7xx_hal_pwr_ex.o
                                        0x742 (size before relaxing)
 .debug_str     0x0000000000001d04      0x30b Drivers/STM32F7xx_HAL_Driver/Src/stm32f7xx_hal_rcc.o
                                        0x7cc (size before relaxing)
 .debug_str     0x000000000000200f      0x3b7 Drivers/STM32F7xx_HAL_Driver/Src/stm32f7xx_hal_rcc_ex.o
                                        0x7eb (size before relaxing)
 .debug_str     0x00000000000023c6      0x799 Drivers/STM32F7xx_HAL_Driver/Src/stm32f7xx_hal_sdram.o
                                        0xb3c (size before relaxing)
 .debug_str     0x0000000000002b5f      0x91b Drivers/STM32F7xx_HAL_Driver/Src/stm32f7xx_hal_uart.o
                                       0x102f (size before relaxing)
 .debug_str     0x000000000000347a      0x3cb Drivers/STM32F7xx_HAL_Driver/Src/stm32f7xx_ll_fmc.o
                                        0x9a4 (size before relaxing)
 .debug_str     0x0000000000003845       0x40 Src/MT48LC4M32B2.o
                                        0x780 (size before relaxing)
 .debug_str     0x0000000000003885      0x528 Src/main.o
                                       0x18fa (size before relaxing)
 .debug_str     0x0000000000003dad       0x5f Src/stm32f7xx_hal_msp.o
                                        0xd4b (size before relaxing)
 .debug_str     0x0000000000003e0c       0xa6 Src/stm32f7xx_it.o
                                        0x346 (size before relaxing)
 .debug_str     0x0000000000003eb2      0x250 Src/syscalls.o
                                        0x889 (size before relaxing)
 .debug_str     0x0000000000004102       0x45 Src/system_stm32f7xx.o
                                        0x520 (size before relaxing)

.comment        0x0000000000000000       0x7c
 .comment       0x0000000000000000       0x7c Drivers/STM32F7xx_HAL_Driver/Src/stm32f7xx_hal.o
                                         0x7d (size before relaxing)
 .comment       0x000000000000007c       0x7d Drivers/STM32F7xx_HAL_Driver/Src/stm32f7xx_hal_cortex.o
 .comment       0x000000000000007c       0x7d Drivers/STM32F7xx_HAL_Driver/Src/stm32f7xx_hal_gpio.o
 .comment       0x000000000000007c       0x7d Drivers/STM32F7xx_HAL_Driver/Src/stm32f7xx_hal_ltdc.o
 .comment       0x000000000000007c       0x7d Drivers/STM32F7xx_HAL_Driver/Src/stm32f7xx_hal_pwr_ex.o
 .comment       0x000000000000007c       0x7d Drivers/STM32F7xx_HAL_Driver/Src/stm32f7xx_hal_rcc.o
 .comment       0x000000000000007c       0x7d Drivers/STM32F7xx_HAL_Driver/Src/stm32f7xx_hal_rcc_ex.o
 .comment       0x000000000000007c       0x7d Drivers/STM32F7xx_HAL_Driver/Src/stm32f7xx_hal_sdram.o
 .comment       0x000000000000007c       0x7d Drivers/STM32F7xx_HAL_Driver/Src/stm32f7xx_hal_uart.o
 .comment       0x000000000000007c       0x7d Drivers/STM32F7xx_HAL_Driver/Src/stm32f7xx_ll_fmc.o
 .comment       0x000000000000007c       0x7d Src/MT48LC4M32B2.o
 .comment       0x000000000000007c       0x7d Src/main.o
 .comment       0x000000000000007c       0x7d Src/stm32f7xx_hal_msp.o
 .comment       0x000000000000007c       0x7d Src/stm32f7xx_it.o
 .comment       0x000000000000007c       0x7d Src/syscalls.o
 .comment       0x000000000000007c       0x7d Src/system_stm32f7xx.o

.debug_frame    0x0000000000000000     0x1cbc
 .debug_frame   0x0000000000000000      0x214 Drivers/STM32F7xx_HAL_Driver/Src/stm32f7xx_hal.o
 .debug_frame   0x0000000000000214      0x158 Drivers/STM32F7xx_HAL_Driver/Src/stm32f7xx_hal_cortex.o
 .debug_frame   0x000000000000036c       0xd8 Drivers/STM32F7xx_HAL_Driver/Src/stm32f7xx_hal_gpio.o
 .debug_frame   0x0000000000000444      0x39c Drivers/STM32F7xx_HAL_Driver/Src/stm32f7xx_hal_ltdc.o
 .debug_frame   0x00000000000007e0      0x13c Drivers/STM32F7xx_HAL_Driver/Src/stm32f7xx_hal_pwr_ex.o
 .debug_frame   0x000000000000091c      0x148 Drivers/STM32F7xx_HAL_Driver/Src/stm32f7xx_hal_rcc.o
 .debug_frame   0x0000000000000a64       0xcc Drivers/STM32F7xx_HAL_Driver/Src/stm32f7xx_hal_rcc_ex.o
 .debug_frame   0x0000000000000b30      0x228 Drivers/STM32F7xx_HAL_Driver/Src/stm32f7xx_hal_sdram.o
 .debug_frame   0x0000000000000d58      0x57c Drivers/STM32F7xx_HAL_Driver/Src/stm32f7xx_hal_uart.o
 .debug_frame   0x00000000000012d4      0x1e8 Drivers/STM32F7xx_HAL_Driver/Src/stm32f7xx_ll_fmc.o
 .debug_frame   0x00000000000014bc       0x38 Src/MT48LC4M32B2.o
 .debug_frame   0x00000000000014f4       0x60 Src/main.o
 .debug_frame   0x0000000000001554       0xf4 Src/stm32f7xx_hal_msp.o
 .debug_frame   0x0000000000001648       0xa0 Src/stm32f7xx_it.o
 .debug_frame   0x00000000000016e8      0x1a8 Src/syscalls.o
 .debug_frame   0x0000000000001890       0x38 Src/system_stm32f7xx.o
 .debug_frame   0x00000000000018c8       0x20 /opt/Atollic_TrueSTUDIO_for_STM32_x86_64_9.3.0/ARMTools/bin/../lib/gcc/arm-atollic-eabi/6.3.1/../../../../arm-atollic-eabi/lib/armv7e-m/fpu/fpv5-sp-d16/libc_nano.a(lib_a-errno.o)
 .debug_frame   0x00000000000018e8       0x2c /opt/Atollic_TrueSTUDIO_for_STM32_x86_64_9.3.0/ARMTools/bin/../lib/gcc/arm-atollic-eabi/6.3.1/../../../../arm-atollic-eabi/lib/armv7e-m/fpu/fpv5-sp-d16/libc_nano.a(lib_a-init.o)
 .debug_frame   0x0000000000001914       0x20 /opt/Atollic_TrueSTUDIO_for_STM32_x86_64_9.3.0/ARMTools/bin/../lib/gcc/arm-atollic-eabi/6.3.1/../../../../arm-atollic-eabi/lib/armv7e-m/fpu/fpv5-sp-d16/libc_nano.a(lib_a-memset.o)
 .debug_frame   0x0000000000001934       0x70 /opt/Atollic_TrueSTUDIO_for_STM32_x86_64_9.3.0/ARMTools/bin/../lib/gcc/arm-atollic-eabi/6.3.1/../../../../arm-atollic-eabi/lib/armv7e-m/fpu/fpv5-sp-d16/libc_nano.a(lib_a-sprintf.o)
 .debug_frame   0x00000000000019a4       0x90 /opt/Atollic_TrueSTUDIO_for_STM32_x86_64_9.3.0/ARMTools/bin/../lib/gcc/arm-atollic-eabi/6.3.1/../../../../arm-atollic-eabi/lib/armv7e-m/fpu/fpv5-sp-d16/libc_nano.a(lib_a-nano-svfprintf.o)
 .debug_frame   0x0000000000001a34       0x60 /opt/Atollic_TrueSTUDIO_for_STM32_x86_64_9.3.0/ARMTools/bin/../lib/gcc/arm-atollic-eabi/6.3.1/../../../../arm-atollic-eabi/lib/armv7e-m/fpu/fpv5-sp-d16/libc_nano.a(lib_a-nano-vfprintf_i.o)
 .debug_frame   0x0000000000001a94       0x28 /opt/Atollic_TrueSTUDIO_for_STM32_x86_64_9.3.0/ARMTools/bin/../lib/gcc/arm-atollic-eabi/6.3.1/../../../../arm-atollic-eabi/lib/armv7e-m/fpu/fpv5-sp-d16/libc_nano.a(lib_a-memcpy-stub.o)
 .debug_frame   0x0000000000001abc       0x28 /opt/Atollic_TrueSTUDIO_for_STM32_x86_64_9.3.0/ARMTools/bin/../lib/gcc/arm-atollic-eabi/6.3.1/../../../../arm-atollic-eabi/lib/armv7e-m/fpu/fpv5-sp-d16/libc_nano.a(lib_a-memmove.o)
 .debug_frame   0x0000000000001ae4       0x38 /opt/Atollic_TrueSTUDIO_for_STM32_x86_64_9.3.0/ARMTools/bin/../lib/gcc/arm-atollic-eabi/6.3.1/../../../../arm-atollic-eabi/lib/armv7e-m/fpu/fpv5-sp-d16/libc_nano.a(lib_a-nano-freer.o)
 .debug_frame   0x0000000000001b1c       0x2c /opt/Atollic_TrueSTUDIO_for_STM32_x86_64_9.3.0/ARMTools/bin/../lib/gcc/arm-atollic-eabi/6.3.1/../../../../arm-atollic-eabi/lib/armv7e-m/fpu/fpv5-sp-d16/libc_nano.a(lib_a-nano-mallocr.o)
 .debug_frame   0x0000000000001b48       0x3c /opt/Atollic_TrueSTUDIO_for_STM32_x86_64_9.3.0/ARMTools/bin/../lib/gcc/arm-atollic-eabi/6.3.1/../../../../arm-atollic-eabi/lib/armv7e-m/fpu/fpv5-sp-d16/libc_nano.a(lib_a-nano-reallocr.o)
 .debug_frame   0x0000000000001b84       0x2c /opt/Atollic_TrueSTUDIO_for_STM32_x86_64_9.3.0/ARMTools/bin/../lib/gcc/arm-atollic-eabi/6.3.1/../../../../arm-atollic-eabi/lib/armv7e-m/fpu/fpv5-sp-d16/libc_nano.a(lib_a-sbrkr.o)
 .debug_frame   0x0000000000001bb0       0x30 /opt/Atollic_TrueSTUDIO_for_STM32_x86_64_9.3.0/ARMTools/bin/../lib/gcc/arm-atollic-eabi/6.3.1/../../../../arm-atollic-eabi/lib/armv7e-m/fpu/fpv5-sp-d16/libc_nano.a(lib_a-mlock.o)
 .debug_frame   0x0000000000001be0       0x20 /opt/Atollic_TrueSTUDIO_for_STM32_x86_64_9.3.0/ARMTools/bin/../lib/gcc/arm-atollic-eabi/6.3.1/../../../../arm-atollic-eabi/lib/armv7e-m/fpu/fpv5-sp-d16/libc_nano.a(lib_a-nano-msizer.o)
 .debug_frame   0x0000000000001c00       0x5c /opt/Atollic_TrueSTUDIO_for_STM32_x86_64_9.3.0/ARMTools/bin/../lib/gcc/arm-atollic-eabi/6.3.1/../../../../arm-atollic-eabi/lib/armv7e-m/fpu/fpv5-sp-d16/libc_nano.a(lib_a-reent.o)
 .debug_frame   0x0000000000001c5c       0x2c /opt/Atollic_TrueSTUDIO_for_STM32_x86_64_9.3.0/ARMTools/bin/../lib/gcc/arm-atollic-eabi/6.3.1/armv7e-m/fpu/fpv5-sp-d16/libgcc.a(_aeabi_uldivmod.o)
 .debug_frame   0x0000000000001c88       0x34 /opt/Atollic_TrueSTUDIO_for_STM32_x86_64_9.3.0/ARMTools/bin/../lib/gcc/arm-atollic-eabi/6.3.1/armv7e-m/fpu/fpv5-sp-d16/libgcc.a(_udivmoddi4.o)
